// Jest Snapshot v1, https://goo.gl/fbAQLP

exports[`test stack to match snapshot 1`] = `Object {}`;
